--------------------------------------------------------------------------------
Release 14.7 Trace  (lin64)
Copyright (c) 1995-2013 Xilinx, Inc.  All rights reserved.

/opt/Xilinx/14.7/ISE_DS/ISE/bin/lin64/unwrapped/trce -intstyle ise -v 3 -s 1 -n
3 -fastpaths -xml carry_look_ahead_4bit.twx carry_look_ahead_4bit.ncd -o
carry_look_ahead_4bit.twr carry_look_ahead_4bit.pcf

Design file:              carry_look_ahead_4bit.ncd
Physical constraint file: carry_look_ahead_4bit.pcf
Device,package,speed:     xc7a100t,csg324,C,-1 (PRODUCTION 1.10 2013-10-13)
Report level:             verbose report

Environment Variable      Effect 
--------------------      ------ 
NONE                      No environment variables were set
--------------------------------------------------------------------------------

INFO:Timing:2698 - No timing constraints found, doing default enumeration.
INFO:Timing:3412 - To improve timing, see the Timing Closure User Guide (UG612).
INFO:Timing:2752 - To get complete path coverage, use the unconstrained paths 
   option. All paths that are not constrained will be reported in the 
   unconstrained paths section(s) of the report.
INFO:Timing:3339 - The clock-to-out numbers in this timing report are based on 
   a 50 Ohm transmission line loading model.  For the details of this model, 
   and for more information on accounting for different loading conditions, 
   please see the device datasheet.



Data Sheet report:
-----------------
All values displayed in nanoseconds (ns)

Pad to Pad
---------------+---------------+---------+
Source Pad     |Destination Pad|  Delay  |
---------------+---------------+---------+
A<0>           |Co             |    7.499|
A<0>           |S<0>           |    6.808|
A<0>           |S<1>           |    6.854|
A<0>           |S<2>           |    7.022|
A<0>           |S<3>           |    7.498|
A<1>           |Co             |    7.595|
A<1>           |S<1>           |    6.950|
A<1>           |S<2>           |    7.118|
A<1>           |S<3>           |    7.594|
A<2>           |Co             |    7.041|
A<2>           |S<2>           |    7.122|
A<2>           |S<3>           |    7.072|
A<3>           |Co             |    7.163|
A<3>           |S<3>           |    7.195|
B<0>           |Co             |    7.707|
B<0>           |S<0>           |    6.966|
B<0>           |S<1>           |    7.062|
B<0>           |S<2>           |    7.230|
B<0>           |S<3>           |    7.706|
B<1>           |Co             |    7.397|
B<1>           |S<1>           |    6.720|
B<1>           |S<2>           |    6.920|
B<1>           |S<3>           |    7.396|
B<2>           |Co             |    6.797|
B<2>           |S<2>           |    6.604|
B<2>           |S<3>           |    6.828|
B<3>           |Co             |    6.840|
B<3>           |S<3>           |    6.871|
Ci             |Co             |    7.738|
Ci             |S<0>           |    6.980|
Ci             |S<1>           |    7.094|
Ci             |S<2>           |    7.261|
Ci             |S<3>           |    7.737|
---------------+---------------+---------+


Analysis completed Thu Aug 26 19:57:54 2021 
--------------------------------------------------------------------------------

Trace Settings:
-------------------------
Trace Settings 

Peak Memory Usage: 751 MB



