--------------------------------------------------------------------------------
Release 14.7 Trace  (lin64)
Copyright (c) 1995-2013 Xilinx, Inc.  All rights reserved.

/opt/Xilinx/14.7/ISE_DS/ISE/bin/lin64/unwrapped/trce -intstyle ise -v 3 -s 1 -n
3 -fastpaths -xml carry_look_ahead_16bit_ripple.twx
carry_look_ahead_16bit_ripple.ncd -o carry_look_ahead_16bit_ripple.twr
carry_look_ahead_16bit_ripple.pcf

Design file:              carry_look_ahead_16bit_ripple.ncd
Physical constraint file: carry_look_ahead_16bit_ripple.pcf
Device,package,speed:     xc7a100t,csg324,C,-1 (PRODUCTION 1.10 2013-10-13)
Report level:             verbose report

Environment Variable      Effect 
--------------------      ------ 
NONE                      No environment variables were set
--------------------------------------------------------------------------------

INFO:Timing:2698 - No timing constraints found, doing default enumeration.
INFO:Timing:3412 - To improve timing, see the Timing Closure User Guide (UG612).
INFO:Timing:2752 - To get complete path coverage, use the unconstrained paths 
   option. All paths that are not constrained will be reported in the 
   unconstrained paths section(s) of the report.
INFO:Timing:3339 - The clock-to-out numbers in this timing report are based on 
   a 50 Ohm transmission line loading model.  For the details of this model, 
   and for more information on accounting for different loading conditions, 
   please see the device datasheet.



Data Sheet report:
-----------------
All values displayed in nanoseconds (ns)

Pad to Pad
---------------+---------------+---------+
Source Pad     |Destination Pad|  Delay  |
---------------+---------------+---------+
A<0>           |Co             |   11.867|
A<0>           |S<0>           |    8.298|
A<0>           |S<1>           |    7.898|
A<0>           |S<2>           |    8.566|
A<0>           |S<3>           |    8.840|
A<0>           |S<4>           |   10.686|
A<0>           |S<5>           |   11.385|
A<0>           |S<6>           |   11.401|
A<0>           |S<7>           |   11.807|
A<0>           |S<8>           |   11.657|
A<0>           |S<9>           |   11.997|
A<0>           |S<10>          |   12.021|
A<0>           |S<11>          |   12.514|
A<0>           |S<12>          |   12.490|
A<0>           |S<13>          |   12.840|
A<0>           |S<14>          |   13.008|
A<0>           |S<15>          |   13.323|
A<1>           |Co             |   11.726|
A<1>           |S<1>           |    7.978|
A<1>           |S<2>           |    8.646|
A<1>           |S<3>           |    8.920|
A<1>           |S<4>           |   10.545|
A<1>           |S<5>           |   11.244|
A<1>           |S<6>           |   11.260|
A<1>           |S<7>           |   11.666|
A<1>           |S<8>           |   11.516|
A<1>           |S<9>           |   11.856|
A<1>           |S<10>          |   11.880|
A<1>           |S<11>          |   12.373|
A<1>           |S<12>          |   12.349|
A<1>           |S<13>          |   12.699|
A<1>           |S<14>          |   12.867|
A<1>           |S<15>          |   13.182|
A<2>           |Co             |   10.325|
A<2>           |S<2>           |    7.583|
A<2>           |S<3>           |    7.857|
A<2>           |S<4>           |    9.144|
A<2>           |S<5>           |    9.843|
A<2>           |S<6>           |    9.859|
A<2>           |S<7>           |   10.265|
A<2>           |S<8>           |   10.115|
A<2>           |S<9>           |   10.455|
A<2>           |S<10>          |   10.479|
A<2>           |S<11>          |   10.972|
A<2>           |S<12>          |   10.948|
A<2>           |S<13>          |   11.298|
A<2>           |S<14>          |   11.466|
A<2>           |S<15>          |   11.781|
A<3>           |Co             |   10.525|
A<3>           |S<3>           |    7.561|
A<3>           |S<4>           |    9.344|
A<3>           |S<5>           |   10.043|
A<3>           |S<6>           |   10.059|
A<3>           |S<7>           |   10.465|
A<3>           |S<8>           |   10.315|
A<3>           |S<9>           |   10.655|
A<3>           |S<10>          |   10.679|
A<3>           |S<11>          |   11.172|
A<3>           |S<12>          |   11.148|
A<3>           |S<13>          |   11.498|
A<3>           |S<14>          |   11.666|
A<3>           |S<15>          |   11.981|
A<4>           |Co             |   10.349|
A<4>           |S<4>           |    8.023|
A<4>           |S<5>           |    8.455|
A<4>           |S<6>           |    8.471|
A<4>           |S<7>           |    8.877|
A<4>           |S<8>           |   10.139|
A<4>           |S<9>           |   10.479|
A<4>           |S<10>          |   10.503|
A<4>           |S<11>          |   10.996|
A<4>           |S<12>          |   10.972|
A<4>           |S<13>          |   11.322|
A<4>           |S<14>          |   11.490|
A<4>           |S<15>          |   11.805|
A<5>           |Co             |   10.724|
A<5>           |S<5>           |    8.090|
A<5>           |S<6>           |    8.108|
A<5>           |S<7>           |    8.514|
A<5>           |S<8>           |   10.514|
A<5>           |S<9>           |   10.854|
A<5>           |S<10>          |   10.878|
A<5>           |S<11>          |   11.371|
A<5>           |S<12>          |   11.347|
A<5>           |S<13>          |   11.697|
A<5>           |S<14>          |   11.865|
A<5>           |S<15>          |   12.180|
A<6>           |Co             |    9.855|
A<6>           |S<6>           |    7.640|
A<6>           |S<7>           |    8.077|
A<6>           |S<8>           |    9.645|
A<6>           |S<9>           |    9.985|
A<6>           |S<10>          |   10.009|
A<6>           |S<11>          |   10.502|
A<6>           |S<12>          |   10.478|
A<6>           |S<13>          |   10.828|
A<6>           |S<14>          |   10.996|
A<6>           |S<15>          |   11.311|
A<7>           |Co             |   10.072|
A<7>           |S<7>           |    8.369|
A<7>           |S<8>           |    9.862|
A<7>           |S<9>           |   10.202|
A<7>           |S<10>          |   10.226|
A<7>           |S<11>          |   10.719|
A<7>           |S<12>          |   10.695|
A<7>           |S<13>          |   11.045|
A<7>           |S<14>          |   11.213|
A<7>           |S<15>          |   11.528|
A<8>           |Co             |   10.444|
A<8>           |S<8>           |    8.715|
A<8>           |S<9>           |    8.226|
A<8>           |S<10>          |    8.252|
A<8>           |S<11>          |    8.745|
A<8>           |S<12>          |   11.067|
A<8>           |S<13>          |   11.417|
A<8>           |S<14>          |   11.585|
A<8>           |S<15>          |   11.900|
A<9>           |Co             |    9.966|
A<9>           |S<9>           |    8.400|
A<9>           |S<10>          |    8.424|
A<9>           |S<11>          |    8.917|
A<9>           |S<12>          |   10.589|
A<9>           |S<13>          |   10.939|
A<9>           |S<14>          |   11.107|
A<9>           |S<15>          |   11.422|
A<10>          |Co             |    8.808|
A<10>          |S<10>          |    7.425|
A<10>          |S<11>          |    7.951|
A<10>          |S<12>          |    9.431|
A<10>          |S<13>          |    9.781|
A<10>          |S<14>          |    9.949|
A<10>          |S<15>          |   10.264|
A<11>          |Co             |    9.131|
A<11>          |S<11>          |    8.275|
A<11>          |S<12>          |    9.754|
A<11>          |S<13>          |   10.104|
A<11>          |S<14>          |   10.272|
A<11>          |S<15>          |   10.587|
A<12>          |Co             |    8.051|
A<12>          |S<12>          |    7.758|
A<12>          |S<13>          |    7.386|
A<12>          |S<14>          |    7.556|
A<12>          |S<15>          |    7.871|
A<13>          |Co             |    8.648|
A<13>          |S<13>          |    7.853|
A<13>          |S<14>          |    8.021|
A<13>          |S<15>          |    8.336|
A<14>          |Co             |    7.385|
A<14>          |S<14>          |    7.353|
A<14>          |S<15>          |    7.701|
A<15>          |Co             |    7.558|
A<15>          |S<15>          |    7.944|
B<0>           |Co             |   11.241|
B<0>           |S<0>           |    7.673|
B<0>           |S<1>           |    7.726|
B<0>           |S<2>           |    8.392|
B<0>           |S<3>           |    8.666|
B<0>           |S<4>           |   10.060|
B<0>           |S<5>           |   10.759|
B<0>           |S<6>           |   10.775|
B<0>           |S<7>           |   11.181|
B<0>           |S<8>           |   11.031|
B<0>           |S<9>           |   11.371|
B<0>           |S<10>          |   11.395|
B<0>           |S<11>          |   11.888|
B<0>           |S<12>          |   11.864|
B<0>           |S<13>          |   12.214|
B<0>           |S<14>          |   12.382|
B<0>           |S<15>          |   12.697|
B<1>           |Co             |   11.474|
B<1>           |S<1>           |    7.731|
B<1>           |S<2>           |    8.397|
B<1>           |S<3>           |    8.671|
B<1>           |S<4>           |   10.293|
B<1>           |S<5>           |   10.992|
B<1>           |S<6>           |   11.008|
B<1>           |S<7>           |   11.414|
B<1>           |S<8>           |   11.264|
B<1>           |S<9>           |   11.604|
B<1>           |S<10>          |   11.628|
B<1>           |S<11>          |   12.121|
B<1>           |S<12>          |   12.097|
B<1>           |S<13>          |   12.447|
B<1>           |S<14>          |   12.615|
B<1>           |S<15>          |   12.930|
B<2>           |Co             |   10.134|
B<2>           |S<2>           |    7.302|
B<2>           |S<3>           |    7.574|
B<2>           |S<4>           |    8.953|
B<2>           |S<5>           |    9.652|
B<2>           |S<6>           |    9.668|
B<2>           |S<7>           |   10.074|
B<2>           |S<8>           |    9.924|
B<2>           |S<9>           |   10.264|
B<2>           |S<10>          |   10.288|
B<2>           |S<11>          |   10.781|
B<2>           |S<12>          |   10.757|
B<2>           |S<13>          |   11.107|
B<2>           |S<14>          |   11.275|
B<2>           |S<15>          |   11.590|
B<3>           |Co             |   10.348|
B<3>           |S<3>           |    7.868|
B<3>           |S<4>           |    9.167|
B<3>           |S<5>           |    9.866|
B<3>           |S<6>           |    9.882|
B<3>           |S<7>           |   10.288|
B<3>           |S<8>           |   10.138|
B<3>           |S<9>           |   10.478|
B<3>           |S<10>          |   10.502|
B<3>           |S<11>          |   10.995|
B<3>           |S<12>          |   10.971|
B<3>           |S<13>          |   11.321|
B<3>           |S<14>          |   11.489|
B<3>           |S<15>          |   11.804|
B<4>           |Co             |   10.349|
B<4>           |S<4>           |    7.750|
B<4>           |S<5>           |    7.555|
B<4>           |S<6>           |    7.573|
B<4>           |S<7>           |    7.979|
B<4>           |S<8>           |   10.139|
B<4>           |S<9>           |   10.479|
B<4>           |S<10>          |   10.503|
B<4>           |S<11>          |   10.996|
B<4>           |S<12>          |   10.972|
B<4>           |S<13>          |   11.322|
B<4>           |S<14>          |   11.490|
B<4>           |S<15>          |   11.805|
B<5>           |Co             |   10.074|
B<5>           |S<5>           |    7.323|
B<5>           |S<6>           |    7.373|
B<5>           |S<7>           |    7.779|
B<5>           |S<8>           |    9.864|
B<5>           |S<9>           |   10.204|
B<5>           |S<10>          |   10.228|
B<5>           |S<11>          |   10.721|
B<5>           |S<12>          |   10.697|
B<5>           |S<13>          |   11.047|
B<5>           |S<14>          |   11.215|
B<5>           |S<15>          |   11.530|
B<6>           |Co             |    9.678|
B<6>           |S<6>           |    7.175|
B<6>           |S<7>           |    7.614|
B<6>           |S<8>           |    9.468|
B<6>           |S<9>           |    9.808|
B<6>           |S<10>          |    9.832|
B<6>           |S<11>          |   10.325|
B<6>           |S<12>          |   10.301|
B<6>           |S<13>          |   10.651|
B<6>           |S<14>          |   10.819|
B<6>           |S<15>          |   11.134|
B<7>           |Co             |    9.581|
B<7>           |S<7>           |    8.002|
B<7>           |S<8>           |    9.371|
B<7>           |S<9>           |    9.711|
B<7>           |S<10>          |    9.735|
B<7>           |S<11>          |   10.228|
B<7>           |S<12>          |   10.204|
B<7>           |S<13>          |   10.554|
B<7>           |S<14>          |   10.722|
B<7>           |S<15>          |   11.037|
B<8>           |Co             |    9.597|
B<8>           |S<8>           |    7.458|
B<8>           |S<9>           |    7.288|
B<8>           |S<10>          |    7.314|
B<8>           |S<11>          |    7.807|
B<8>           |S<12>          |   10.220|
B<8>           |S<13>          |   10.570|
B<8>           |S<14>          |   10.738|
B<8>           |S<15>          |   11.053|
B<9>           |Co             |    9.199|
B<9>           |S<9>           |    7.269|
B<9>           |S<10>          |    7.327|
B<9>           |S<11>          |    7.820|
B<9>           |S<12>          |    9.822|
B<9>           |S<13>          |   10.172|
B<9>           |S<14>          |   10.340|
B<9>           |S<15>          |   10.655|
B<10>          |Co             |    8.504|
B<10>          |S<10>          |    7.274|
B<10>          |S<11>          |    7.800|
B<10>          |S<12>          |    9.127|
B<10>          |S<13>          |    9.477|
B<10>          |S<14>          |    9.645|
B<10>          |S<15>          |    9.960|
B<11>          |Co             |    9.156|
B<11>          |S<11>          |    7.647|
B<11>          |S<12>          |    9.779|
B<11>          |S<13>          |   10.129|
B<11>          |S<14>          |   10.297|
B<11>          |S<15>          |   10.612|
B<12>          |Co             |    8.485|
B<12>          |S<12>          |    8.076|
B<12>          |S<13>          |    7.179|
B<12>          |S<14>          |    7.381|
B<12>          |S<15>          |    7.696|
B<13>          |Co             |    8.935|
B<13>          |S<13>          |    7.451|
B<13>          |S<14>          |    7.621|
B<13>          |S<15>          |    7.936|
B<14>          |Co             |    7.652|
B<14>          |S<14>          |    7.249|
B<14>          |S<15>          |    7.597|
B<15>          |Co             |    7.960|
B<15>          |S<15>          |    7.924|
Ci             |Co             |   10.548|
Ci             |S<0>           |    8.562|
Ci             |S<1>           |    7.729|
Ci             |S<2>           |    8.429|
Ci             |S<3>           |    8.703|
Ci             |S<4>           |    9.367|
Ci             |S<5>           |   10.066|
Ci             |S<6>           |   10.082|
Ci             |S<7>           |   10.488|
Ci             |S<8>           |   10.338|
Ci             |S<9>           |   10.678|
Ci             |S<10>          |   10.702|
Ci             |S<11>          |   11.195|
Ci             |S<12>          |   11.171|
Ci             |S<13>          |   11.521|
Ci             |S<14>          |   11.689|
Ci             |S<15>          |   12.004|
---------------+---------------+---------+


Analysis completed Thu Aug 26 15:25:25 2021 
--------------------------------------------------------------------------------

Trace Settings:
-------------------------
Trace Settings 

Peak Memory Usage: 751 MB



