--------------------------------------------------------------------------------
Release 14.7 Trace  (lin64)
Copyright (c) 1995-2013 Xilinx, Inc.  All rights reserved.

/opt/Xilinx/14.7/ISE_DS/ISE/bin/lin64/unwrapped/trce -intstyle ise -v 3 -s 1 -n
3 -fastpaths -xml carry_look_ahead_16bit_ripple.twx
carry_look_ahead_16bit_ripple.ncd -o carry_look_ahead_16bit_ripple.twr
carry_look_ahead_16bit_ripple.pcf

Design file:              carry_look_ahead_16bit_ripple.ncd
Physical constraint file: carry_look_ahead_16bit_ripple.pcf
Device,package,speed:     xc7a100t,csg324,C,-1 (PRODUCTION 1.10 2013-10-13)
Report level:             verbose report

Environment Variable      Effect 
--------------------      ------ 
NONE                      No environment variables were set
--------------------------------------------------------------------------------

INFO:Timing:2698 - No timing constraints found, doing default enumeration.
INFO:Timing:3412 - To improve timing, see the Timing Closure User Guide (UG612).
INFO:Timing:2752 - To get complete path coverage, use the unconstrained paths 
   option. All paths that are not constrained will be reported in the 
   unconstrained paths section(s) of the report.
INFO:Timing:3339 - The clock-to-out numbers in this timing report are based on 
   a 50 Ohm transmission line loading model.  For the details of this model, 
   and for more information on accounting for different loading conditions, 
   please see the device datasheet.



Data Sheet report:
-----------------
All values displayed in nanoseconds (ns)

Pad to Pad
---------------+---------------+---------+
Source Pad     |Destination Pad|  Delay  |
---------------+---------------+---------+
A<0>           |Co             |   12.889|
A<0>           |S<0>           |    7.964|
A<0>           |S<1>           |    8.257|
A<0>           |S<2>           |    8.406|
A<0>           |S<3>           |    8.607|
A<0>           |S<4>           |    9.266|
A<0>           |S<5>           |    9.853|
A<0>           |S<6>           |   10.537|
A<0>           |S<7>           |   10.395|
A<0>           |S<8>           |   11.191|
A<0>           |S<9>           |   11.381|
A<0>           |S<10>          |   11.655|
A<0>           |S<11>          |   11.885|
A<0>           |S<12>          |   12.236|
A<0>           |S<13>          |   12.502|
A<0>           |S<14>          |   12.974|
A<0>           |S<15>          |   13.570|
A<1>           |Co             |   12.875|
A<1>           |S<1>           |    8.243|
A<1>           |S<2>           |    8.392|
A<1>           |S<3>           |    8.593|
A<1>           |S<4>           |    9.252|
A<1>           |S<5>           |    9.839|
A<1>           |S<6>           |   10.523|
A<1>           |S<7>           |   10.381|
A<1>           |S<8>           |   11.177|
A<1>           |S<9>           |   11.367|
A<1>           |S<10>          |   11.641|
A<1>           |S<11>          |   11.871|
A<1>           |S<12>          |   12.222|
A<1>           |S<13>          |   12.488|
A<1>           |S<14>          |   12.960|
A<1>           |S<15>          |   13.556|
A<2>           |Co             |   12.194|
A<2>           |S<2>           |    7.744|
A<2>           |S<3>           |    7.945|
A<2>           |S<4>           |    8.571|
A<2>           |S<5>           |    9.158|
A<2>           |S<6>           |    9.842|
A<2>           |S<7>           |    9.700|
A<2>           |S<8>           |   10.496|
A<2>           |S<9>           |   10.686|
A<2>           |S<10>          |   10.960|
A<2>           |S<11>          |   11.190|
A<2>           |S<12>          |   11.541|
A<2>           |S<13>          |   11.807|
A<2>           |S<14>          |   12.279|
A<2>           |S<15>          |   12.875|
A<3>           |Co             |   12.419|
A<3>           |S<3>           |    8.171|
A<3>           |S<4>           |    8.796|
A<3>           |S<5>           |    9.383|
A<3>           |S<6>           |   10.067|
A<3>           |S<7>           |    9.925|
A<3>           |S<8>           |   10.721|
A<3>           |S<9>           |   10.911|
A<3>           |S<10>          |   11.185|
A<3>           |S<11>          |   11.415|
A<3>           |S<12>          |   11.766|
A<3>           |S<13>          |   12.032|
A<3>           |S<14>          |   12.504|
A<3>           |S<15>          |   13.100|
A<4>           |Co             |   11.282|
A<4>           |S<4>           |    7.939|
A<4>           |S<5>           |    8.248|
A<4>           |S<6>           |    8.930|
A<4>           |S<7>           |    8.788|
A<4>           |S<8>           |    9.584|
A<4>           |S<9>           |    9.774|
A<4>           |S<10>          |   10.048|
A<4>           |S<11>          |   10.278|
A<4>           |S<12>          |   10.629|
A<4>           |S<13>          |   10.895|
A<4>           |S<14>          |   11.367|
A<4>           |S<15>          |   11.963|
A<5>           |Co             |   11.300|
A<5>           |S<5>           |    8.266|
A<5>           |S<6>           |    8.948|
A<5>           |S<7>           |    8.806|
A<5>           |S<8>           |    9.602|
A<5>           |S<9>           |    9.792|
A<5>           |S<10>          |   10.066|
A<5>           |S<11>          |   10.296|
A<5>           |S<12>          |   10.647|
A<5>           |S<13>          |   10.913|
A<5>           |S<14>          |   11.385|
A<5>           |S<15>          |   11.981|
A<6>           |Co             |   10.789|
A<6>           |S<6>           |    8.008|
A<6>           |S<7>           |    8.297|
A<6>           |S<8>           |    9.091|
A<6>           |S<9>           |    9.281|
A<6>           |S<10>          |    9.555|
A<6>           |S<11>          |    9.785|
A<6>           |S<12>          |   10.136|
A<6>           |S<13>          |   10.402|
A<6>           |S<14>          |   10.874|
A<6>           |S<15>          |   11.470|
A<7>           |Co             |   10.791|
A<7>           |S<7>           |    8.299|
A<7>           |S<8>           |    9.093|
A<7>           |S<9>           |    9.283|
A<7>           |S<10>          |    9.557|
A<7>           |S<11>          |    9.787|
A<7>           |S<12>          |   10.138|
A<7>           |S<13>          |   10.404|
A<7>           |S<14>          |   10.876|
A<7>           |S<15>          |   11.472|
A<8>           |Co             |    9.487|
A<8>           |S<8>           |    8.016|
A<8>           |S<9>           |    7.942|
A<8>           |S<10>          |    8.253|
A<8>           |S<11>          |    8.483|
A<8>           |S<12>          |    8.834|
A<8>           |S<13>          |    9.100|
A<8>           |S<14>          |    9.572|
A<8>           |S<15>          |   10.168|
A<9>           |Co             |    9.374|
A<9>           |S<9>           |    7.859|
A<9>           |S<10>          |    8.140|
A<9>           |S<11>          |    8.370|
A<9>           |S<12>          |    8.721|
A<9>           |S<13>          |    8.987|
A<9>           |S<14>          |    9.459|
A<9>           |S<15>          |   10.055|
A<10>          |Co             |    9.479|
A<10>          |S<10>          |    8.135|
A<10>          |S<11>          |    8.511|
A<10>          |S<12>          |    8.826|
A<10>          |S<13>          |    9.092|
A<10>          |S<14>          |    9.564|
A<10>          |S<15>          |   10.160|
A<11>          |Co             |    9.001|
A<11>          |S<11>          |    8.033|
A<11>          |S<12>          |    8.348|
A<11>          |S<13>          |    8.614|
A<11>          |S<14>          |    9.086|
A<11>          |S<15>          |    9.682|
A<12>          |Co             |    8.654|
A<12>          |S<12>          |    7.684|
A<12>          |S<13>          |    8.268|
A<12>          |S<14>          |    8.739|
A<12>          |S<15>          |    9.335|
A<13>          |Co             |    8.072|
A<13>          |S<13>          |    7.653|
A<13>          |S<14>          |    8.157|
A<13>          |S<15>          |    8.753|
A<14>          |Co             |    7.338|
A<14>          |S<14>          |    7.825|
A<14>          |S<15>          |    8.019|
A<15>          |Co             |    7.393|
A<15>          |S<15>          |    8.072|
B<0>           |Co             |   12.274|
B<0>           |S<0>           |    7.067|
B<0>           |S<1>           |    7.642|
B<0>           |S<2>           |    7.791|
B<0>           |S<3>           |    7.992|
B<0>           |S<4>           |    8.651|
B<0>           |S<5>           |    9.238|
B<0>           |S<6>           |    9.922|
B<0>           |S<7>           |    9.780|
B<0>           |S<8>           |   10.576|
B<0>           |S<9>           |   10.766|
B<0>           |S<10>          |   11.040|
B<0>           |S<11>          |   11.270|
B<0>           |S<12>          |   11.621|
B<0>           |S<13>          |   11.887|
B<0>           |S<14>          |   12.359|
B<0>           |S<15>          |   12.955|
B<1>           |Co             |   12.277|
B<1>           |S<1>           |    7.646|
B<1>           |S<2>           |    7.794|
B<1>           |S<3>           |    7.995|
B<1>           |S<4>           |    8.654|
B<1>           |S<5>           |    9.241|
B<1>           |S<6>           |    9.925|
B<1>           |S<7>           |    9.783|
B<1>           |S<8>           |   10.579|
B<1>           |S<9>           |   10.769|
B<1>           |S<10>          |   11.043|
B<1>           |S<11>          |   11.273|
B<1>           |S<12>          |   11.624|
B<1>           |S<13>          |   11.890|
B<1>           |S<14>          |   12.362|
B<1>           |S<15>          |   12.958|
B<2>           |Co             |   11.976|
B<2>           |S<2>           |    7.487|
B<2>           |S<3>           |    7.728|
B<2>           |S<4>           |    8.353|
B<2>           |S<5>           |    8.940|
B<2>           |S<6>           |    9.624|
B<2>           |S<7>           |    9.482|
B<2>           |S<8>           |   10.278|
B<2>           |S<9>           |   10.468|
B<2>           |S<10>          |   10.742|
B<2>           |S<11>          |   10.972|
B<2>           |S<12>          |   11.323|
B<2>           |S<13>          |   11.589|
B<2>           |S<14>          |   12.061|
B<2>           |S<15>          |   12.657|
B<3>           |Co             |   11.807|
B<3>           |S<3>           |    7.558|
B<3>           |S<4>           |    8.184|
B<3>           |S<5>           |    8.771|
B<3>           |S<6>           |    9.455|
B<3>           |S<7>           |    9.313|
B<3>           |S<8>           |   10.109|
B<3>           |S<9>           |   10.299|
B<3>           |S<10>          |   10.573|
B<3>           |S<11>          |   10.803|
B<3>           |S<12>          |   11.154|
B<3>           |S<13>          |   11.420|
B<3>           |S<14>          |   11.892|
B<3>           |S<15>          |   12.488|
B<4>           |Co             |   10.306|
B<4>           |S<4>           |    7.366|
B<4>           |S<5>           |    7.239|
B<4>           |S<6>           |    7.954|
B<4>           |S<7>           |    7.812|
B<4>           |S<8>           |    8.608|
B<4>           |S<9>           |    8.798|
B<4>           |S<10>          |    9.072|
B<4>           |S<11>          |    9.302|
B<4>           |S<12>          |    9.653|
B<4>           |S<13>          |    9.919|
B<4>           |S<14>          |   10.391|
B<4>           |S<15>          |   10.987|
B<5>           |Co             |   10.669|
B<5>           |S<5>           |    7.635|
B<5>           |S<6>           |    8.317|
B<5>           |S<7>           |    8.175|
B<5>           |S<8>           |    8.971|
B<5>           |S<9>           |    9.161|
B<5>           |S<10>          |    9.435|
B<5>           |S<11>          |    9.665|
B<5>           |S<12>          |   10.016|
B<5>           |S<13>          |   10.282|
B<5>           |S<14>          |   10.754|
B<5>           |S<15>          |   11.350|
B<6>           |Co             |    9.990|
B<6>           |S<6>           |    6.805|
B<6>           |S<7>           |    7.496|
B<6>           |S<8>           |    8.292|
B<6>           |S<9>           |    8.482|
B<6>           |S<10>          |    8.756|
B<6>           |S<11>          |    8.986|
B<6>           |S<12>          |    9.337|
B<6>           |S<13>          |    9.603|
B<6>           |S<14>          |   10.075|
B<6>           |S<15>          |   10.671|
B<7>           |Co             |    9.560|
B<7>           |S<7>           |    7.034|
B<7>           |S<8>           |    7.862|
B<7>           |S<9>           |    8.052|
B<7>           |S<10>          |    8.326|
B<7>           |S<11>          |    8.556|
B<7>           |S<12>          |    8.907|
B<7>           |S<13>          |    9.173|
B<7>           |S<14>          |    9.645|
B<7>           |S<15>          |   10.241|
B<8>           |Co             |    8.837|
B<8>           |S<8>           |    6.893|
B<8>           |S<9>           |    7.323|
B<8>           |S<10>          |    7.603|
B<8>           |S<11>          |    7.833|
B<8>           |S<12>          |    8.184|
B<8>           |S<13>          |    8.450|
B<8>           |S<14>          |    8.922|
B<8>           |S<15>          |    9.518|
B<9>           |Co             |    8.968|
B<9>           |S<9>           |    7.461|
B<9>           |S<10>          |    7.734|
B<9>           |S<11>          |    7.964|
B<9>           |S<12>          |    8.315|
B<9>           |S<13>          |    8.581|
B<9>           |S<14>          |    9.053|
B<9>           |S<15>          |    9.649|
B<10>          |Co             |    8.342|
B<10>          |S<10>          |    6.693|
B<10>          |S<11>          |    7.374|
B<10>          |S<12>          |    7.689|
B<10>          |S<13>          |    7.955|
B<10>          |S<14>          |    8.427|
B<10>          |S<15>          |    9.023|
B<11>          |Co             |    8.542|
B<11>          |S<11>          |    7.574|
B<11>          |S<12>          |    7.889|
B<11>          |S<13>          |    8.155|
B<11>          |S<14>          |    8.627|
B<11>          |S<15>          |    9.223|
B<12>          |Co             |    7.704|
B<12>          |S<12>          |    7.050|
B<12>          |S<13>          |    7.317|
B<12>          |S<14>          |    7.789|
B<12>          |S<15>          |    8.385|
B<13>          |Co             |    7.695|
B<13>          |S<13>          |    7.308|
B<13>          |S<14>          |    7.780|
B<13>          |S<15>          |    8.376|
B<14>          |Co             |    6.899|
B<14>          |S<14>          |    7.463|
B<14>          |S<15>          |    7.578|
B<15>          |Co             |    6.770|
B<15>          |S<15>          |    7.417|
Ci             |Co             |   12.447|
Ci             |S<0>           |    7.956|
Ci             |S<1>           |    7.783|
Ci             |S<2>           |    7.964|
Ci             |S<3>           |    8.165|
Ci             |S<4>           |    8.824|
Ci             |S<5>           |    9.411|
Ci             |S<6>           |   10.095|
Ci             |S<7>           |    9.953|
Ci             |S<8>           |   10.749|
Ci             |S<9>           |   10.939|
Ci             |S<10>          |   11.213|
Ci             |S<11>          |   11.443|
Ci             |S<12>          |   11.794|
Ci             |S<13>          |   12.060|
Ci             |S<14>          |   12.532|
Ci             |S<15>          |   13.128|
---------------+---------------+---------+


Analysis completed Sun Aug 29 03:13:11 2021 
--------------------------------------------------------------------------------

Trace Settings:
-------------------------
Trace Settings 

Peak Memory Usage: 751 MB



