--------------------------------------------------------------------------------
Release 14.7 Trace  (lin64)
Copyright (c) 1995-2013 Xilinx, Inc.  All rights reserved.

/opt/Xilinx/14.7/ISE_DS/ISE/bin/lin64/unwrapped/trce -intstyle ise -v 3 -s 1 -n
3 -fastpaths -xml carry_look_ahead_16bit.twx carry_look_ahead_16bit.ncd -o
carry_look_ahead_16bit.twr carry_look_ahead_16bit.pcf

Design file:              carry_look_ahead_16bit.ncd
Physical constraint file: carry_look_ahead_16bit.pcf
Device,package,speed:     xc7a100t,csg324,C,-1 (PRODUCTION 1.10 2013-10-13)
Report level:             verbose report

Environment Variable      Effect 
--------------------      ------ 
NONE                      No environment variables were set
--------------------------------------------------------------------------------

INFO:Timing:2698 - No timing constraints found, doing default enumeration.
INFO:Timing:3412 - To improve timing, see the Timing Closure User Guide (UG612).
INFO:Timing:2752 - To get complete path coverage, use the unconstrained paths 
   option. All paths that are not constrained will be reported in the 
   unconstrained paths section(s) of the report.
INFO:Timing:3339 - The clock-to-out numbers in this timing report are based on 
   a 50 Ohm transmission line loading model.  For the details of this model, 
   and for more information on accounting for different loading conditions, 
   please see the device datasheet.



Data Sheet report:
-----------------
All values displayed in nanoseconds (ns)

Pad to Pad
---------------+---------------+---------+
Source Pad     |Destination Pad|  Delay  |
---------------+---------------+---------+
A<0>           |Co             |   11.904|
A<0>           |GG1            |   11.239|
A<0>           |PG1            |   11.249|
A<0>           |S<0>           |    7.496|
A<0>           |S<1>           |    8.217|
A<0>           |S<2>           |    8.921|
A<0>           |S<3>           |    9.091|
A<0>           |S<4>           |   11.288|
A<0>           |S<5>           |   12.327|
A<0>           |S<6>           |   12.340|
A<0>           |S<7>           |   12.741|
A<0>           |S<8>           |   12.314|
A<0>           |S<9>           |   13.001|
A<0>           |S<10>          |   13.145|
A<0>           |S<11>          |   13.358|
A<0>           |S<12>          |   12.944|
A<0>           |S<13>          |   13.367|
A<0>           |S<14>          |   13.385|
A<0>           |S<15>          |   13.720|
A<1>           |Co             |   11.798|
A<1>           |GG1            |   11.133|
A<1>           |PG1            |   11.144|
A<1>           |S<1>           |    7.843|
A<1>           |S<2>           |    8.549|
A<1>           |S<3>           |    8.719|
A<1>           |S<4>           |   11.183|
A<1>           |S<5>           |   12.222|
A<1>           |S<6>           |   12.235|
A<1>           |S<7>           |   12.636|
A<1>           |S<8>           |   12.209|
A<1>           |S<9>           |   12.896|
A<1>           |S<10>          |   13.040|
A<1>           |S<11>          |   13.253|
A<1>           |S<12>          |   12.839|
A<1>           |S<13>          |   13.262|
A<1>           |S<14>          |   13.280|
A<1>           |S<15>          |   13.615|
A<2>           |Co             |   10.612|
A<2>           |GG1            |    9.947|
A<2>           |PG1            |    9.454|
A<2>           |S<2>           |    7.864|
A<2>           |S<3>           |    8.034|
A<2>           |S<4>           |    9.831|
A<2>           |S<5>           |   10.870|
A<2>           |S<6>           |   10.883|
A<2>           |S<7>           |   11.284|
A<2>           |S<8>           |   10.859|
A<2>           |S<9>           |   11.546|
A<2>           |S<10>          |   11.690|
A<2>           |S<11>          |   11.903|
A<2>           |S<12>          |   11.487|
A<2>           |S<13>          |   11.910|
A<2>           |S<14>          |   11.928|
A<2>           |S<15>          |   12.263|
A<3>           |Co             |   10.352|
A<3>           |GG1            |    9.687|
A<3>           |PG1            |    9.751|
A<3>           |S<3>           |    7.822|
A<3>           |S<4>           |    9.790|
A<3>           |S<5>           |   10.829|
A<3>           |S<6>           |   10.842|
A<3>           |S<7>           |   11.243|
A<3>           |S<8>           |   10.816|
A<3>           |S<9>           |   11.503|
A<3>           |S<10>          |   11.647|
A<3>           |S<11>          |   11.860|
A<3>           |S<12>          |   11.446|
A<3>           |S<13>          |   11.869|
A<3>           |S<14>          |   11.887|
A<3>           |S<15>          |   12.222|
A<4>           |Co             |   12.280|
A<4>           |GG1            |   11.615|
A<4>           |PG1            |   10.611|
A<4>           |S<4>           |    8.841|
A<4>           |S<5>           |    8.161|
A<4>           |S<6>           |    8.174|
A<4>           |S<7>           |    8.575|
A<4>           |S<8>           |   12.097|
A<4>           |S<9>           |   12.784|
A<4>           |S<10>          |   12.928|
A<4>           |S<11>          |   13.141|
A<4>           |S<12>          |   12.141|
A<4>           |S<13>          |   12.564|
A<4>           |S<14>          |   12.582|
A<4>           |S<15>          |   12.917|
A<5>           |Co             |   11.976|
A<5>           |GG1            |   11.311|
A<5>           |PG1            |   10.307|
A<5>           |S<5>           |    8.126|
A<5>           |S<6>           |    8.141|
A<5>           |S<7>           |    8.542|
A<5>           |S<8>           |   11.827|
A<5>           |S<9>           |   12.514|
A<5>           |S<10>          |   12.658|
A<5>           |S<11>          |   12.871|
A<5>           |S<12>          |   11.871|
A<5>           |S<13>          |   12.294|
A<5>           |S<14>          |   12.312|
A<5>           |S<15>          |   12.647|
A<6>           |Co             |   11.932|
A<6>           |GG1            |   11.267|
A<6>           |PG1            |   10.263|
A<6>           |S<6>           |    7.831|
A<6>           |S<7>           |    8.263|
A<6>           |S<8>           |   11.870|
A<6>           |S<9>           |   12.557|
A<6>           |S<10>          |   12.701|
A<6>           |S<11>          |   12.914|
A<6>           |S<12>          |   11.914|
A<6>           |S<13>          |   12.337|
A<6>           |S<14>          |   12.355|
A<6>           |S<15>          |   12.690|
A<7>           |Co             |   11.884|
A<7>           |GG1            |   11.219|
A<7>           |PG1            |   10.073|
A<7>           |S<7>           |    8.348|
A<7>           |S<8>           |   11.907|
A<7>           |S<9>           |   12.594|
A<7>           |S<10>          |   12.738|
A<7>           |S<11>          |   12.951|
A<7>           |S<12>          |   11.951|
A<7>           |S<13>          |   12.374|
A<7>           |S<14>          |   12.392|
A<7>           |S<15>          |   12.727|
A<8>           |Co             |   12.166|
A<8>           |GG1            |   11.501|
A<8>           |PG1            |   11.189|
A<8>           |S<8>           |    7.655|
A<8>           |S<9>           |    7.495|
A<8>           |S<10>          |    7.673|
A<8>           |S<11>          |    7.886|
A<8>           |S<12>          |   12.381|
A<8>           |S<13>          |   12.804|
A<8>           |S<14>          |   12.822|
A<8>           |S<15>          |   13.157|
A<9>           |Co             |   12.861|
A<9>           |GG1            |   12.196|
A<9>           |PG1            |   11.884|
A<9>           |S<9>           |    8.439|
A<9>           |S<10>          |    8.583|
A<9>           |S<11>          |    8.796|
A<9>           |S<12>          |   13.076|
A<9>           |S<13>          |   13.499|
A<9>           |S<14>          |   13.517|
A<9>           |S<15>          |   13.852|
A<10>          |Co             |   11.778|
A<10>          |GG1            |   11.113|
A<10>          |PG1            |   10.801|
A<10>          |S<10>          |    7.968|
A<10>          |S<11>          |    8.212|
A<10>          |S<12>          |   12.171|
A<10>          |S<13>          |   12.594|
A<10>          |S<14>          |   12.612|
A<10>          |S<15>          |   12.947|
A<11>          |Co             |   11.386|
A<11>          |GG1            |   10.721|
A<11>          |PG1            |   10.320|
A<11>          |S<11>          |    7.871|
A<11>          |S<12>          |   11.863|
A<11>          |S<13>          |   12.286|
A<11>          |S<14>          |   12.304|
A<11>          |S<15>          |   12.639|
A<12>          |Co             |   12.451|
A<12>          |GG1            |   11.786|
A<12>          |PG1            |   10.646|
A<12>          |S<12>          |    7.563|
A<12>          |S<13>          |    7.733|
A<12>          |S<14>          |    7.781|
A<12>          |S<15>          |    8.116|
A<13>          |Co             |   12.385|
A<13>          |GG1            |   11.720|
A<13>          |PG1            |   10.580|
A<13>          |S<13>          |    7.879|
A<13>          |S<14>          |    7.893|
A<13>          |S<15>          |    8.228|
A<14>          |Co             |   11.718|
A<14>          |GG1            |   11.053|
A<14>          |PG1            |    9.913|
A<14>          |S<14>          |    7.646|
A<14>          |S<15>          |    8.016|
A<15>          |Co             |   12.555|
A<15>          |GG1            |   11.890|
A<15>          |PG1            |   10.750|
A<15>          |S<15>          |    8.920|
B<0>           |Co             |   11.199|
B<0>           |GG1            |   10.534|
B<0>           |PG1            |   10.511|
B<0>           |S<0>           |    6.605|
B<0>           |S<1>           |    7.694|
B<0>           |S<2>           |    8.400|
B<0>           |S<3>           |    8.570|
B<0>           |S<4>           |   10.550|
B<0>           |S<5>           |   11.589|
B<0>           |S<6>           |   11.602|
B<0>           |S<7>           |   12.003|
B<0>           |S<8>           |   11.576|
B<0>           |S<9>           |   12.263|
B<0>           |S<10>          |   12.407|
B<0>           |S<11>          |   12.620|
B<0>           |S<12>          |   12.206|
B<0>           |S<13>          |   12.629|
B<0>           |S<14>          |   12.647|
B<0>           |S<15>          |   12.982|
B<1>           |Co             |   11.548|
B<1>           |GG1            |   10.883|
B<1>           |PG1            |   10.894|
B<1>           |S<1>           |    7.833|
B<1>           |S<2>           |    8.537|
B<1>           |S<3>           |    8.707|
B<1>           |S<4>           |   10.933|
B<1>           |S<5>           |   11.972|
B<1>           |S<6>           |   11.985|
B<1>           |S<7>           |   12.386|
B<1>           |S<8>           |   11.959|
B<1>           |S<9>           |   12.646|
B<1>           |S<10>          |   12.790|
B<1>           |S<11>          |   13.003|
B<1>           |S<12>          |   12.589|
B<1>           |S<13>          |   13.012|
B<1>           |S<14>          |   13.030|
B<1>           |S<15>          |   13.365|
B<2>           |Co             |   10.198|
B<2>           |GG1            |    9.533|
B<2>           |PG1            |    9.537|
B<2>           |S<2>           |    7.445|
B<2>           |S<3>           |    7.615|
B<2>           |S<4>           |    9.576|
B<2>           |S<5>           |   10.615|
B<2>           |S<6>           |   10.628|
B<2>           |S<7>           |   11.029|
B<2>           |S<8>           |   10.602|
B<2>           |S<9>           |   11.289|
B<2>           |S<10>          |   11.433|
B<2>           |S<11>          |   11.646|
B<2>           |S<12>          |   11.232|
B<2>           |S<13>          |   11.655|
B<2>           |S<14>          |   11.673|
B<2>           |S<15>          |   12.008|
B<3>           |Co             |   10.492|
B<3>           |GG1            |    9.827|
B<3>           |PG1            |    9.383|
B<3>           |S<3>           |    7.425|
B<3>           |S<4>           |    9.711|
B<3>           |S<5>           |   10.750|
B<3>           |S<6>           |   10.763|
B<3>           |S<7>           |   11.164|
B<3>           |S<8>           |   10.739|
B<3>           |S<9>           |   11.426|
B<3>           |S<10>          |   11.570|
B<3>           |S<11>          |   11.783|
B<3>           |S<12>          |   11.367|
B<3>           |S<13>          |   11.790|
B<3>           |S<14>          |   11.808|
B<3>           |S<15>          |   12.143|
B<4>           |Co             |   11.666|
B<4>           |GG1            |   11.001|
B<4>           |PG1            |    9.997|
B<4>           |S<4>           |    7.850|
B<4>           |S<5>           |    7.114|
B<4>           |S<6>           |    7.161|
B<4>           |S<7>           |    7.562|
B<4>           |S<8>           |   11.483|
B<4>           |S<9>           |   12.170|
B<4>           |S<10>          |   12.314|
B<4>           |S<11>          |   12.527|
B<4>           |S<12>          |   11.527|
B<4>           |S<13>          |   11.950|
B<4>           |S<14>          |   11.968|
B<4>           |S<15>          |   12.303|
B<5>           |Co             |   11.827|
B<5>           |GG1            |   11.162|
B<5>           |PG1            |   10.158|
B<5>           |S<5>           |    7.559|
B<5>           |S<6>           |    7.574|
B<5>           |S<7>           |    7.975|
B<5>           |S<8>           |   11.645|
B<5>           |S<9>           |   12.332|
B<5>           |S<10>          |   12.476|
B<5>           |S<11>          |   12.689|
B<5>           |S<12>          |   11.689|
B<5>           |S<13>          |   12.112|
B<5>           |S<14>          |   12.130|
B<5>           |S<15>          |   12.465|
B<6>           |Co             |   10.833|
B<6>           |GG1            |   10.168|
B<6>           |PG1            |    9.164|
B<6>           |S<6>           |    7.326|
B<6>           |S<7>           |    7.760|
B<6>           |S<8>           |   10.828|
B<6>           |S<9>           |   11.515|
B<6>           |S<10>          |   11.659|
B<6>           |S<11>          |   11.872|
B<6>           |S<12>          |   10.872|
B<6>           |S<13>          |   11.295|
B<6>           |S<14>          |   11.313|
B<6>           |S<15>          |   11.648|
B<7>           |Co             |   11.010|
B<7>           |GG1            |   10.345|
B<7>           |PG1            |    9.196|
B<7>           |S<7>           |    7.561|
B<7>           |S<8>           |   11.033|
B<7>           |S<9>           |   11.720|
B<7>           |S<10>          |   11.864|
B<7>           |S<11>          |   12.077|
B<7>           |S<12>          |   11.077|
B<7>           |S<13>          |   11.500|
B<7>           |S<14>          |   11.518|
B<7>           |S<15>          |   11.853|
B<8>           |Co             |   11.560|
B<8>           |GG1            |   10.895|
B<8>           |PG1            |   10.583|
B<8>           |S<8>           |    7.253|
B<8>           |S<9>           |    7.445|
B<8>           |S<10>          |    7.591|
B<8>           |S<11>          |    7.804|
B<8>           |S<12>          |   11.809|
B<8>           |S<13>          |   12.232|
B<8>           |S<14>          |   12.250|
B<8>           |S<15>          |   12.585|
B<9>           |Co             |   11.800|
B<9>           |GG1            |   11.135|
B<9>           |PG1            |   10.823|
B<9>           |S<9>           |    7.370|
B<9>           |S<10>          |    7.516|
B<9>           |S<11>          |    7.729|
B<9>           |S<12>          |   12.016|
B<9>           |S<13>          |   12.439|
B<9>           |S<14>          |   12.457|
B<9>           |S<15>          |   12.792|
B<10>          |Co             |   11.096|
B<10>          |GG1            |   10.431|
B<10>          |PG1            |   10.119|
B<10>          |S<10>          |    7.044|
B<10>          |S<11>          |    7.290|
B<10>          |S<12>          |   11.432|
B<10>          |S<13>          |   11.855|
B<10>          |S<14>          |   11.873|
B<10>          |S<15>          |   12.208|
B<11>          |Co             |   11.433|
B<11>          |GG1            |   10.768|
B<11>          |PG1            |   10.370|
B<11>          |S<11>          |    7.600|
B<11>          |S<12>          |   11.910|
B<11>          |S<13>          |   12.333|
B<11>          |S<14>          |   12.351|
B<11>          |S<15>          |   12.686|
B<12>          |Co             |   12.273|
B<12>          |GG1            |   11.608|
B<12>          |PG1            |   10.468|
B<12>          |S<12>          |    7.109|
B<12>          |S<13>          |    7.789|
B<12>          |S<14>          |    7.805|
B<12>          |S<15>          |    8.140|
B<13>          |Co             |   11.904|
B<13>          |GG1            |   11.239|
B<13>          |PG1            |   10.099|
B<13>          |S<13>          |    7.773|
B<13>          |S<14>          |    7.787|
B<13>          |S<15>          |    8.122|
B<14>          |Co             |   11.719|
B<14>          |GG1            |   11.054|
B<14>          |PG1            |    9.914|
B<14>          |S<14>          |    7.145|
B<14>          |S<15>          |    7.513|
B<15>          |Co             |   11.580|
B<15>          |GG1            |   10.915|
B<15>          |PG1            |    9.775|
B<15>          |S<15>          |    7.607|
Ci             |Co             |    8.778|
Ci             |S<0>           |    6.964|
Ci             |S<1>           |    7.253|
Ci             |S<2>           |    7.991|
Ci             |S<3>           |    8.161|
Ci             |S<4>           |    9.472|
Ci             |S<5>           |   10.511|
Ci             |S<6>           |   10.524|
Ci             |S<7>           |   10.925|
Ci             |S<8>           |   10.500|
Ci             |S<9>           |   11.187|
Ci             |S<10>          |   11.331|
Ci             |S<11>          |   11.544|
Ci             |S<12>          |   11.128|
Ci             |S<13>          |   11.551|
Ci             |S<14>          |   11.569|
Ci             |S<15>          |   11.904|
---------------+---------------+---------+


Analysis completed Thu Aug 26 15:27:29 2021 
--------------------------------------------------------------------------------

Trace Settings:
-------------------------
Trace Settings 

Peak Memory Usage: 751 MB



