--------------------------------------------------------------------------------
Release 14.7 Trace  (lin64)
Copyright (c) 1995-2013 Xilinx, Inc.  All rights reserved.

/opt/Xilinx/14.7/ISE_DS/ISE/bin/lin64/unwrapped/trce -intstyle ise -v 3 -s 1 -n
3 -fastpaths -xml rca_4bit.twx rca_4bit.ncd -o rca_4bit.twr rca_4bit.pcf

Design file:              rca_4bit.ncd
Physical constraint file: rca_4bit.pcf
Device,package,speed:     xc7a100t,csg324,C,-1 (PRODUCTION 1.10 2013-10-13)
Report level:             verbose report

Environment Variable      Effect 
--------------------      ------ 
NONE                      No environment variables were set
--------------------------------------------------------------------------------

INFO:Timing:2698 - No timing constraints found, doing default enumeration.
INFO:Timing:3412 - To improve timing, see the Timing Closure User Guide (UG612).
INFO:Timing:2752 - To get complete path coverage, use the unconstrained paths 
   option. All paths that are not constrained will be reported in the 
   unconstrained paths section(s) of the report.
INFO:Timing:3339 - The clock-to-out numbers in this timing report are based on 
   a 50 Ohm transmission line loading model.  For the details of this model, 
   and for more information on accounting for different loading conditions, 
   please see the device datasheet.



Data Sheet report:
-----------------
All values displayed in nanoseconds (ns)

Pad to Pad
---------------+---------------+---------+
Source Pad     |Destination Pad|  Delay  |
---------------+---------------+---------+
Ci        |Co        |    8.963|
Ci        |S<0>       |    6.849|
Ci        |S<1>       |    7.644|
Ci        |S<2>       |    8.435|
Ci        |S<3>       |    9.247|
A<0>     |Co        |    9.129|
A<0>     |S<0>       |    7.048|
A<0>     |S<1>       |    7.810|
A<0>     |S<2>       |    8.601|
A<0>     |S<3>       |    9.413|
A<1>     |Co        |    8.410|
A<1>     |S<1>       |    7.091|
A<1>     |S<2>       |    7.882|
A<1>     |S<3>       |    8.694|
A<2>     |Co        |    7.402|
A<2>     |S<2>       |    6.842|
A<2>     |S<3>       |    7.686|
A<3>     |Co        |    6.836|
A<3>     |S<3>       |    7.121|
B<0>     |Co        |    9.209|
B<0>     |S<0>       |    7.126|
B<0>     |S<1>       |    7.890|
B<0>     |S<2>       |    8.681|
B<0>     |S<3>       |    9.493|
B<1>     |Co        |    7.980|
B<1>     |S<1>       |    6.627|
B<1>     |S<2>       |    7.452|
B<1>     |S<3>       |    8.264|
B<2>     |Co        |    7.743|
B<2>     |S<2>       |    7.217|
B<2>     |S<3>       |    8.027|
B<3>     |Co        |    6.578|
B<3>     |S<3>       |    6.862|
---------------+---------------+---------+


Analysis completed Thu Aug 26 13:39:14 2021 
--------------------------------------------------------------------------------

Trace Settings:
-------------------------
Trace Settings 

Peak Memory Usage: 751 MB



