--------------------------------------------------------------------------------
Release 14.7 Trace  (lin64)
Copyright (c) 1995-2013 Xilinx, Inc.  All rights reserved.

/opt/Xilinx/14.7/ISE_DS/ISE/bin/lin64/unwrapped/trce -intstyle ise -v 3 -s 1 -n
3 -fastpaths -xml rca_8bit.twx rca_8bit.ncd -o rca_8bit.twr rca_8bit.pcf

Design file:              rca_8bit.ncd
Physical constraint file: rca_8bit.pcf
Device,package,speed:     xc7a100t,csg324,C,-1 (PRODUCTION 1.10 2013-10-13)
Report level:             verbose report

Environment Variable      Effect 
--------------------      ------ 
NONE                      No environment variables were set
--------------------------------------------------------------------------------

INFO:Timing:2698 - No timing constraints found, doing default enumeration.
INFO:Timing:3412 - To improve timing, see the Timing Closure User Guide (UG612).
INFO:Timing:2752 - To get complete path coverage, use the unconstrained paths 
   option. All paths that are not constrained will be reported in the 
   unconstrained paths section(s) of the report.
INFO:Timing:3339 - The clock-to-out numbers in this timing report are based on 
   a 50 Ohm transmission line loading model.  For the details of this model, 
   and for more information on accounting for different loading conditions, 
   please see the device datasheet.



Data Sheet report:
-----------------
All values displayed in nanoseconds (ns)

Pad to Pad
---------------+---------------+---------+
Source Pad     |Destination Pad|  Delay  |
---------------+---------------+---------+
i_carry        |o_carry        |   12.247|
i_carry        |o_sum<0>       |    6.677|
i_carry        |o_sum<1>       |    7.408|
i_carry        |o_sum<2>       |    8.358|
i_carry        |o_sum<3>       |    8.829|
i_carry        |o_sum<4>       |    9.344|
i_carry        |o_sum<5>       |   10.276|
i_carry        |o_sum<6>       |   11.137|
i_carry        |o_sum<7>       |   12.416|
i_term1<0>     |o_carry        |   12.821|
i_term1<0>     |o_sum<0>       |    7.285|
i_term1<0>     |o_sum<1>       |    7.982|
i_term1<0>     |o_sum<2>       |    8.932|
i_term1<0>     |o_sum<3>       |    9.403|
i_term1<0>     |o_sum<4>       |    9.918|
i_term1<0>     |o_sum<5>       |   10.850|
i_term1<0>     |o_sum<6>       |   11.711|
i_term1<0>     |o_sum<7>       |   12.990|
i_term1<1>     |o_carry        |   12.162|
i_term1<1>     |o_sum<1>       |    7.355|
i_term1<1>     |o_sum<2>       |    8.273|
i_term1<1>     |o_sum<3>       |    8.744|
i_term1<1>     |o_sum<4>       |    9.259|
i_term1<1>     |o_sum<5>       |   10.191|
i_term1<1>     |o_sum<6>       |   11.052|
i_term1<1>     |o_sum<7>       |   12.331|
i_term1<2>     |o_carry        |   11.202|
i_term1<2>     |o_sum<2>       |    7.312|
i_term1<2>     |o_sum<3>       |    7.784|
i_term1<2>     |o_sum<4>       |    8.299|
i_term1<2>     |o_sum<5>       |    9.231|
i_term1<2>     |o_sum<6>       |   10.092|
i_term1<2>     |o_sum<7>       |   11.371|
i_term1<3>     |o_carry        |   10.708|
i_term1<3>     |o_sum<3>       |    7.322|
i_term1<3>     |o_sum<4>       |    7.805|
i_term1<3>     |o_sum<5>       |    8.737|
i_term1<3>     |o_sum<6>       |    9.598|
i_term1<3>     |o_sum<7>       |   10.877|
i_term1<4>     |o_carry        |   10.162|
i_term1<4>     |o_sum<4>       |    7.291|
i_term1<4>     |o_sum<5>       |    8.191|
i_term1<4>     |o_sum<6>       |    9.052|
i_term1<4>     |o_sum<7>       |   10.331|
i_term1<5>     |o_carry        |    8.629|
i_term1<5>     |o_sum<5>       |    6.625|
i_term1<5>     |o_sum<6>       |    7.519|
i_term1<5>     |o_sum<7>       |    8.798|
i_term1<6>     |o_carry        |    8.882|
i_term1<6>     |o_sum<6>       |    7.772|
i_term1<6>     |o_sum<7>       |    9.051|
i_term1<7>     |o_carry        |    6.827|
i_term1<7>     |o_sum<7>       |    6.962|
i_term2<0>     |o_carry        |   12.337|
i_term2<0>     |o_sum<0>       |    6.799|
i_term2<0>     |o_sum<1>       |    7.498|
i_term2<0>     |o_sum<2>       |    8.448|
i_term2<0>     |o_sum<3>       |    8.919|
i_term2<0>     |o_sum<4>       |    9.434|
i_term2<0>     |o_sum<5>       |   10.366|
i_term2<0>     |o_sum<6>       |   11.227|
i_term2<0>     |o_sum<7>       |   12.506|
i_term2<1>     |o_carry        |   12.085|
i_term2<1>     |o_sum<1>       |    7.280|
i_term2<1>     |o_sum<2>       |    8.196|
i_term2<1>     |o_sum<3>       |    8.667|
i_term2<1>     |o_sum<4>       |    9.182|
i_term2<1>     |o_sum<5>       |   10.114|
i_term2<1>     |o_sum<6>       |   10.975|
i_term2<1>     |o_sum<7>       |   12.254|
i_term2<2>     |o_carry        |   11.027|
i_term2<2>     |o_sum<2>       |    7.137|
i_term2<2>     |o_sum<3>       |    7.609|
i_term2<2>     |o_sum<4>       |    8.124|
i_term2<2>     |o_sum<5>       |    9.056|
i_term2<2>     |o_sum<6>       |    9.917|
i_term2<2>     |o_sum<7>       |   11.196|
i_term2<3>     |o_carry        |   10.637|
i_term2<3>     |o_sum<3>       |    7.251|
i_term2<3>     |o_sum<4>       |    7.734|
i_term2<3>     |o_sum<5>       |    8.666|
i_term2<3>     |o_sum<6>       |    9.527|
i_term2<3>     |o_sum<7>       |   10.806|
i_term2<4>     |o_carry        |   10.089|
i_term2<4>     |o_sum<4>       |    7.218|
i_term2<4>     |o_sum<5>       |    8.118|
i_term2<4>     |o_sum<6>       |    8.979|
i_term2<4>     |o_sum<7>       |   10.258|
i_term2<5>     |o_carry        |    8.917|
i_term2<5>     |o_sum<5>       |    6.944|
i_term2<5>     |o_sum<6>       |    7.807|
i_term2<5>     |o_sum<7>       |    9.086|
i_term2<6>     |o_carry        |    7.934|
i_term2<6>     |o_sum<6>       |    6.792|
i_term2<6>     |o_sum<7>       |    8.103|
i_term2<7>     |o_carry        |    6.846|
i_term2<7>     |o_sum<7>       |    7.015|
---------------+---------------+---------+


Analysis completed Thu Aug 26 13:53:51 2021 
--------------------------------------------------------------------------------

Trace Settings:
-------------------------
Trace Settings 

Peak Memory Usage: 751 MB



