--------------------------------------------------------------------------------
Release 14.7 Trace  (lin64)
Copyright (c) 1995-2013 Xilinx, Inc.  All rights reserved.

/opt/Xilinx/14.7/ISE_DS/ISE/bin/lin64/unwrapped/trce -intstyle ise -v 3 -s 1 -n
3 -fastpaths -xml rca_8bit.twx rca_8bit.ncd -o rca_8bit.twr rca_8bit.pcf

Design file:              rca_8bit.ncd
Physical constraint file: rca_8bit.pcf
Device,package,speed:     xc7a100t,csg324,C,-1 (PRODUCTION 1.10 2013-10-13)
Report level:             verbose report

Environment Variable      Effect 
--------------------      ------ 
NONE                      No environment variables were set
--------------------------------------------------------------------------------

INFO:Timing:2698 - No timing constraints found, doing default enumeration.
INFO:Timing:3412 - To improve timing, see the Timing Closure User Guide (UG612).
INFO:Timing:2752 - To get complete path coverage, use the unconstrained paths 
   option. All paths that are not constrained will be reported in the 
   unconstrained paths section(s) of the report.
INFO:Timing:3339 - The clock-to-out numbers in this timing report are based on 
   a 50 Ohm transmission line loading model.  For the details of this model, 
   and for more information on accounting for different loading conditions, 
   please see the device datasheet.



Data Sheet report:
-----------------
All values displayed in nanoseconds (ns)

Pad to Pad
---------------+---------------+---------+
Source Pad     |Destination Pad|  Delay  |
---------------+---------------+---------+
Ci        |Co        |   12.247|
Ci        |S<0>       |    6.677|
Ci        |S<1>       |    7.408|
Ci        |S<2>       |    8.358|
Ci        |S<3>       |    8.829|
Ci        |S<4>       |    9.344|
Ci        |S<5>       |   10.276|
Ci        |S<6>       |   11.137|
Ci        |S<7>       |   12.416|
A<0>     |Co        |   12.821|
A<0>     |S<0>       |    7.285|
A<0>     |S<1>       |    7.982|
A<0>     |S<2>       |    8.932|
A<0>     |S<3>       |    9.403|
A<0>     |S<4>       |    9.918|
A<0>     |S<5>       |   10.850|
A<0>     |S<6>       |   11.711|
A<0>     |S<7>       |   12.990|
A<1>     |Co        |   12.162|
A<1>     |S<1>       |    7.355|
A<1>     |S<2>       |    8.273|
A<1>     |S<3>       |    8.744|
A<1>     |S<4>       |    9.259|
A<1>     |S<5>       |   10.191|
A<1>     |S<6>       |   11.052|
A<1>     |S<7>       |   12.331|
A<2>     |Co        |   11.202|
A<2>     |S<2>       |    7.312|
A<2>     |S<3>       |    7.784|
A<2>     |S<4>       |    8.299|
A<2>     |S<5>       |    9.231|
A<2>     |S<6>       |   10.092|
A<2>     |S<7>       |   11.371|
A<3>     |Co        |   10.708|
A<3>     |S<3>       |    7.322|
A<3>     |S<4>       |    7.805|
A<3>     |S<5>       |    8.737|
A<3>     |S<6>       |    9.598|
A<3>     |S<7>       |   10.877|
A<4>     |Co        |   10.162|
A<4>     |S<4>       |    7.291|
A<4>     |S<5>       |    8.191|
A<4>     |S<6>       |    9.052|
A<4>     |S<7>       |   10.331|
A<5>     |Co        |    8.629|
A<5>     |S<5>       |    6.625|
A<5>     |S<6>       |    7.519|
A<5>     |S<7>       |    8.798|
A<6>     |Co        |    8.882|
A<6>     |S<6>       |    7.772|
A<6>     |S<7>       |    9.051|
A<7>     |Co        |    6.827|
A<7>     |S<7>       |    6.962|
B<0>     |Co        |   12.337|
B<0>     |S<0>       |    6.799|
B<0>     |S<1>       |    7.498|
B<0>     |S<2>       |    8.448|
B<0>     |S<3>       |    8.919|
B<0>     |S<4>       |    9.434|
B<0>     |S<5>       |   10.366|
B<0>     |S<6>       |   11.227|
B<0>     |S<7>       |   12.506|
B<1>     |Co        |   12.085|
B<1>     |S<1>       |    7.280|
B<1>     |S<2>       |    8.196|
B<1>     |S<3>       |    8.667|
B<1>     |S<4>       |    9.182|
B<1>     |S<5>       |   10.114|
B<1>     |S<6>       |   10.975|
B<1>     |S<7>       |   12.254|
B<2>     |Co        |   11.027|
B<2>     |S<2>       |    7.137|
B<2>     |S<3>       |    7.609|
B<2>     |S<4>       |    8.124|
B<2>     |S<5>       |    9.056|
B<2>     |S<6>       |    9.917|
B<2>     |S<7>       |   11.196|
B<3>     |Co        |   10.637|
B<3>     |S<3>       |    7.251|
B<3>     |S<4>       |    7.734|
B<3>     |S<5>       |    8.666|
B<3>     |S<6>       |    9.527|
B<3>     |S<7>       |   10.806|
B<4>     |Co        |   10.089|
B<4>     |S<4>       |    7.218|
B<4>     |S<5>       |    8.118|
B<4>     |S<6>       |    8.979|
B<4>     |S<7>       |   10.258|
B<5>     |Co        |    8.917|
B<5>     |S<5>       |    6.944|
B<5>     |S<6>       |    7.807|
B<5>     |S<7>       |    9.086|
B<6>     |Co        |    7.934|
B<6>     |S<6>       |    6.792|
B<6>     |S<7>       |    8.103|
B<7>     |Co        |    6.846|
B<7>     |S<7>       |    7.015|
---------------+---------------+---------+


Analysis completed Thu Aug 26 13:53:51 2021 
--------------------------------------------------------------------------------

Trace Settings:
-------------------------
Trace Settings 

Peak Memory Usage: 751 MB



