--------------------------------------------------------------------------------
Release 14.7 Trace  (lin64)
Copyright (c) 1995-2013 Xilinx, Inc.  All rights reserved.

/opt/Xilinx/14.7/ISE_DS/ISE/bin/lin64/unwrapped/trce -intstyle ise -v 3 -s 1 -n
3 -fastpaths -xml rca_16bit.twx rca_16bit.ncd -o rca_16bit.twr rca_16bit.pcf

Design file:              rca_16bit.ncd
Physical constraint file: rca_16bit.pcf
Device,package,speed:     xc7a100t,csg324,C,-1 (PRODUCTION 1.10 2013-10-13)
Report level:             verbose report

Environment Variable      Effect 
--------------------      ------ 
NONE                      No environment variables were set
--------------------------------------------------------------------------------

INFO:Timing:2698 - No timing constraints found, doing default enumeration.
INFO:Timing:3412 - To improve timing, see the Timing Closure User Guide (UG612).
INFO:Timing:2752 - To get complete path coverage, use the unconstrained paths 
   option. All paths that are not constrained will be reported in the 
   unconstrained paths section(s) of the report.
INFO:Timing:3339 - The clock-to-out numbers in this timing report are based on 
   a 50 Ohm transmission line loading model.  For the details of this model, 
   and for more information on accounting for different loading conditions, 
   please see the device datasheet.



Data Sheet report:
-----------------
All values displayed in nanoseconds (ns)

Pad to Pad
---------------+---------------+---------+
Source Pad     |Destination Pad|  Delay  |
---------------+---------------+---------+
Ci        |Co        |   18.389|
Ci        |S<0>       |    7.596|
Ci        |S<1>       |    8.112|
Ci        |S<2>       |    8.643|
Ci        |S<3>       |    9.528|
Ci        |S<4>       |   10.178|
Ci        |S<5>       |   10.991|
Ci        |S<6>       |   11.652|
Ci        |S<7>       |   12.439|
Ci        |S<8>       |   13.088|
Ci        |S<9>       |   13.899|
Ci        |S<10>      |   14.556|
Ci        |S<11>      |   15.377|
Ci        |S<12>      |   16.495|
Ci        |S<13>      |   17.274|
Ci        |S<14>      |   18.190|
Ci        |S<15>      |   19.068|
A<0>     |Co        |   18.803|
A<0>     |S<0>       |    8.043|
A<0>     |S<1>       |    8.526|
A<0>     |S<2>       |    9.057|
A<0>     |S<3>       |    9.942|
A<0>     |S<4>       |   10.592|
A<0>     |S<5>       |   11.405|
A<0>     |S<6>       |   12.066|
A<0>     |S<7>       |   12.853|
A<0>     |S<8>       |   13.502|
A<0>     |S<9>       |   14.313|
A<0>     |S<10>      |   14.970|
A<0>     |S<11>      |   15.791|
A<0>     |S<12>      |   16.909|
A<0>     |S<13>      |   17.688|
A<0>     |S<14>      |   18.604|
A<0>     |S<15>      |   19.482|
A<1>     |Co        |   18.288|
A<1>     |S<1>       |    8.043|
A<1>     |S<2>       |    8.542|
A<1>     |S<3>       |    9.427|
A<1>     |S<4>       |   10.077|
A<1>     |S<5>       |   10.890|
A<1>     |S<6>       |   11.551|
A<1>     |S<7>       |   12.338|
A<1>     |S<8>       |   12.987|
A<1>     |S<9>       |   13.798|
A<1>     |S<10>      |   14.455|
A<1>     |S<11>      |   15.276|
A<1>     |S<12>      |   16.394|
A<1>     |S<13>      |   17.173|
A<1>     |S<14>      |   18.089|
A<1>     |S<15>      |   18.967|
A<2>     |Co        |   17.515|
A<2>     |S<2>       |    7.802|
A<2>     |S<3>       |    8.654|
A<2>     |S<4>       |    9.304|
A<2>     |S<5>       |   10.117|
A<2>     |S<6>       |   10.778|
A<2>     |S<7>       |   11.565|
A<2>     |S<8>       |   12.214|
A<2>     |S<9>       |   13.025|
A<2>     |S<10>      |   13.682|
A<2>     |S<11>      |   14.503|
A<2>     |S<12>      |   15.621|
A<2>     |S<13>      |   16.400|
A<2>     |S<14>      |   17.316|
A<2>     |S<15>      |   18.194|
A<3>     |Co        |   16.809|
A<3>     |S<3>       |    7.950|
A<3>     |S<4>       |    8.598|
A<3>     |S<5>       |    9.411|
A<3>     |S<6>       |   10.072|
A<3>     |S<7>       |   10.859|
A<3>     |S<8>       |   11.508|
A<3>     |S<9>       |   12.319|
A<3>     |S<10>      |   12.976|
A<3>     |S<11>      |   13.797|
A<3>     |S<12>      |   14.915|
A<3>     |S<13>      |   15.694|
A<3>     |S<14>      |   16.610|
A<3>     |S<15>      |   17.488|
A<4>     |Co        |   16.276|
A<4>     |S<4>       |    8.098|
A<4>     |S<5>       |    8.878|
A<4>     |S<6>       |    9.539|
A<4>     |S<7>       |   10.326|
A<4>     |S<8>       |   10.975|
A<4>     |S<9>       |   11.786|
A<4>     |S<10>      |   12.443|
A<4>     |S<11>      |   13.264|
A<4>     |S<12>      |   14.382|
A<4>     |S<13>      |   15.161|
A<4>     |S<14>      |   16.077|
A<4>     |S<15>      |   16.955|
A<5>     |Co        |   15.339|
A<5>     |S<5>       |    7.941|
A<5>     |S<6>       |    8.602|
A<5>     |S<7>       |    9.389|
A<5>     |S<8>       |   10.038|
A<5>     |S<9>       |   10.849|
A<5>     |S<10>      |   11.506|
A<5>     |S<11>      |   12.327|
A<5>     |S<12>      |   13.445|
A<5>     |S<13>      |   14.224|
A<5>     |S<14>      |   15.140|
A<5>     |S<15>      |   16.018|
A<6>     |Co        |   14.814|
A<6>     |S<6>       |    8.110|
A<6>     |S<7>       |    8.864|
A<6>     |S<8>       |    9.513|
A<6>     |S<9>       |   10.324|
A<6>     |S<10>      |   10.981|
A<6>     |S<11>      |   11.802|
A<6>     |S<12>      |   12.920|
A<6>     |S<13>      |   13.699|
A<6>     |S<14>      |   14.615|
A<6>     |S<15>      |   15.493|
A<7>     |Co        |   13.878|
A<7>     |S<7>       |    7.928|
A<7>     |S<8>       |    8.577|
A<7>     |S<9>       |    9.388|
A<7>     |S<10>      |   10.045|
A<7>     |S<11>      |   10.866|
A<7>     |S<12>      |   11.984|
A<7>     |S<13>      |   12.763|
A<7>     |S<14>      |   13.679|
A<7>     |S<15>      |   14.557|
A<8>     |Co        |   13.736|
A<8>     |S<8>       |    8.468|
A<8>     |S<9>       |    9.246|
A<8>     |S<10>      |    9.903|
A<8>     |S<11>      |   10.724|
A<8>     |S<12>      |   11.842|
A<8>     |S<13>      |   12.621|
A<8>     |S<14>      |   13.537|
A<8>     |S<15>      |   14.415|
A<9>     |Co        |   12.122|
A<9>     |S<9>       |    7.599|
A<9>     |S<10>      |    8.289|
A<9>     |S<11>      |    9.110|
A<9>     |S<12>      |   10.228|
A<9>     |S<13>      |   11.007|
A<9>     |S<14>      |   11.923|
A<9>     |S<15>      |   12.801|
A<10>    |Co        |   11.966|
A<10>    |S<10>      |    8.165|
A<10>    |S<11>      |    8.954|
A<10>    |S<12>      |   10.072|
A<10>    |S<13>      |   10.851|
A<10>    |S<14>      |   11.767|
A<10>    |S<15>      |   12.645|
A<11>    |Co        |   10.658|
A<11>    |S<11>      |    7.613|
A<11>    |S<12>      |    8.764|
A<11>    |S<13>      |    9.543|
A<11>    |S<14>      |   10.459|
A<11>    |S<15>      |   11.337|
A<12>    |Co        |    9.835|
A<12>    |S<12>      |    7.940|
A<12>    |S<13>      |    8.720|
A<12>    |S<14>      |    9.636|
A<12>    |S<15>      |   10.514|
A<13>    |Co        |    9.058|
A<13>    |S<13>      |    7.941|
A<13>    |S<14>      |    8.859|
A<13>    |S<15>      |    9.737|
A<14>    |Co        |    7.690|
A<14>    |S<14>      |    7.489|
A<14>    |S<15>      |    8.369|
A<15>    |Co        |    7.094|
A<15>    |S<15>      |    7.741|
B<0>     |Co        |   18.166|
B<0>     |S<0>       |    7.405|
B<0>     |S<1>       |    7.889|
B<0>     |S<2>       |    8.420|
B<0>     |S<3>       |    9.305|
B<0>     |S<4>       |    9.955|
B<0>     |S<5>       |   10.768|
B<0>     |S<6>       |   11.429|
B<0>     |S<7>       |   12.216|
B<0>     |S<8>       |   12.865|
B<0>     |S<9>       |   13.676|
B<0>     |S<10>      |   14.333|
B<0>     |S<11>      |   15.154|
B<0>     |S<12>      |   16.272|
B<0>     |S<13>      |   17.051|
B<0>     |S<14>      |   17.967|
B<0>     |S<15>      |   18.845|
B<1>     |Co        |   17.646|
B<1>     |S<1>       |    7.401|
B<1>     |S<2>       |    7.900|
B<1>     |S<3>       |    8.785|
B<1>     |S<4>       |    9.435|
B<1>     |S<5>       |   10.248|
B<1>     |S<6>       |   10.909|
B<1>     |S<7>       |   11.696|
B<1>     |S<8>       |   12.345|
B<1>     |S<9>       |   13.156|
B<1>     |S<10>      |   13.813|
B<1>     |S<11>      |   14.634|
B<1>     |S<12>      |   15.752|
B<1>     |S<13>      |   16.531|
B<1>     |S<14>      |   17.447|
B<1>     |S<15>      |   18.325|
B<2>     |Co        |   17.073|
B<2>     |S<2>       |    7.361|
B<2>     |S<3>       |    8.212|
B<2>     |S<4>       |    8.862|
B<2>     |S<5>       |    9.675|
B<2>     |S<6>       |   10.336|
B<2>     |S<7>       |   11.123|
B<2>     |S<8>       |   11.772|
B<2>     |S<9>       |   12.583|
B<2>     |S<10>      |   13.240|
B<2>     |S<11>      |   14.061|
B<2>     |S<12>      |   15.179|
B<2>     |S<13>      |   15.958|
B<2>     |S<14>      |   16.874|
B<2>     |S<15>      |   17.752|
B<3>     |Co        |   16.258|
B<3>     |S<3>       |    7.399|
B<3>     |S<4>       |    8.047|
B<3>     |S<5>       |    8.860|
B<3>     |S<6>       |    9.521|
B<3>     |S<7>       |   10.308|
B<3>     |S<8>       |   10.957|
B<3>     |S<9>       |   11.768|
B<3>     |S<10>      |   12.425|
B<3>     |S<11>      |   13.246|
B<3>     |S<12>      |   14.364|
B<3>     |S<13>      |   15.143|
B<3>     |S<14>      |   16.059|
B<3>     |S<15>      |   16.937|
B<4>     |Co        |   15.702|
B<4>     |S<4>       |    7.523|
B<4>     |S<5>       |    8.304|
B<4>     |S<6>       |    8.965|
B<4>     |S<7>       |    9.752|
B<4>     |S<8>       |   10.401|
B<4>     |S<9>       |   11.212|
B<4>     |S<10>      |   11.869|
B<4>     |S<11>      |   12.690|
B<4>     |S<12>      |   13.808|
B<4>     |S<13>      |   14.587|
B<4>     |S<14>      |   15.503|
B<4>     |S<15>      |   16.381|
B<5>     |Co        |   14.798|
B<5>     |S<5>       |    7.400|
B<5>     |S<6>       |    8.061|
B<5>     |S<7>       |    8.848|
B<5>     |S<8>       |    9.497|
B<5>     |S<9>       |   10.308|
B<5>     |S<10>      |   10.965|
B<5>     |S<11>      |   11.786|
B<5>     |S<12>      |   12.904|
B<5>     |S<13>      |   13.683|
B<5>     |S<14>      |   14.599|
B<5>     |S<15>      |   15.477|
B<6>     |Co        |   14.215|
B<6>     |S<6>       |    7.510|
B<6>     |S<7>       |    8.265|
B<6>     |S<8>       |    8.914|
B<6>     |S<9>       |    9.725|
B<6>     |S<10>      |   10.382|
B<6>     |S<11>      |   11.203|
B<6>     |S<12>      |   12.321|
B<6>     |S<13>      |   13.100|
B<6>     |S<14>      |   14.016|
B<6>     |S<15>      |   14.894|
B<7>     |Co        |   13.025|
B<7>     |S<7>       |    7.042|
B<7>     |S<8>       |    7.724|
B<7>     |S<9>       |    8.535|
B<7>     |S<10>      |    9.192|
B<7>     |S<11>      |   10.013|
B<7>     |S<12>      |   11.131|
B<7>     |S<13>      |   11.910|
B<7>     |S<14>      |   12.826|
B<7>     |S<15>      |   13.704|
B<8>     |Co        |   12.720|
B<8>     |S<8>       |    7.451|
B<8>     |S<9>       |    8.230|
B<8>     |S<10>      |    8.887|
B<8>     |S<11>      |    9.708|
B<8>     |S<12>      |   10.826|
B<8>     |S<13>      |   11.605|
B<8>     |S<14>      |   12.521|
B<8>     |S<15>      |   13.399|
B<9>     |Co        |   11.683|
B<9>     |S<9>       |    7.191|
B<9>     |S<10>      |    7.850|
B<9>     |S<11>      |    8.671|
B<9>     |S<12>      |    9.789|
B<9>     |S<13>      |   10.568|
B<9>     |S<14>      |   11.484|
B<9>     |S<15>      |   12.362|
B<10>    |Co        |   11.259|
B<10>    |S<10>      |    7.458|
B<10>    |S<11>      |    8.247|
B<10>    |S<12>      |    9.365|
B<10>    |S<13>      |   10.144|
B<10>    |S<14>      |   11.060|
B<10>    |S<15>      |   11.938|
B<11>    |Co        |   10.071|
B<11>    |S<11>      |    7.057|
B<11>    |S<12>      |    8.177|
B<11>    |S<13>      |    8.956|
B<11>    |S<14>      |    9.872|
B<11>    |S<15>      |   10.750|
B<12>    |Co        |    9.291|
B<12>    |S<12>      |    7.389|
B<12>    |S<13>      |    8.176|
B<12>    |S<14>      |    9.092|
B<12>    |S<15>      |    9.970|
B<13>    |Co        |    8.450|
B<13>    |S<13>      |    7.335|
B<13>    |S<14>      |    8.251|
B<13>    |S<15>      |    9.129|
B<14>    |Co        |    7.588|
B<14>    |S<14>      |    7.387|
B<14>    |S<15>      |    8.267|
B<15>    |Co        |    6.844|
B<15>    |S<15>      |    7.523|
---------------+---------------+---------+


Analysis completed Thu Aug 26 13:59:18 2021 
--------------------------------------------------------------------------------

Trace Settings:
-------------------------
Trace Settings 

Peak Memory Usage: 751 MB



