--------------------------------------------------------------------------------
Release 14.7 Trace  (lin64)
Copyright (c) 1995-2013 Xilinx, Inc.  All rights reserved.

/opt/Xilinx/14.7/ISE_DS/ISE/bin/lin64/unwrapped/trce -intstyle ise -v 3 -s 1 -n
3 -fastpaths -xml ripple_carry_adder_4bit.twx ripple_carry_adder_4bit.ncd -o
ripple_carry_adder_4bit.twr ripple_carry_adder_4bit.pcf

Design file:              ripple_carry_adder_4bit.ncd
Physical constraint file: ripple_carry_adder_4bit.pcf
Device,package,speed:     xc7a100t,csg324,C,-1 (PRODUCTION 1.10 2013-10-13)
Report level:             verbose report

Environment Variable      Effect 
--------------------      ------ 
NONE                      No environment variables were set
--------------------------------------------------------------------------------

INFO:Timing:2698 - No timing constraints found, doing default enumeration.
INFO:Timing:3412 - To improve timing, see the Timing Closure User Guide (UG612).
INFO:Timing:2752 - To get complete path coverage, use the unconstrained paths 
   option. All paths that are not constrained will be reported in the 
   unconstrained paths section(s) of the report.
INFO:Timing:3339 - The clock-to-out numbers in this timing report are based on 
   a 50 Ohm transmission line loading model.  For the details of this model, 
   and for more information on accounting for different loading conditions, 
   please see the device datasheet.



Data Sheet report:
-----------------
All values displayed in nanoseconds (ns)

Pad to Pad
---------------+---------------+---------+
Source Pad     |Destination Pad|  Delay  |
---------------+---------------+---------+
A<0>           |Co             |    9.144|
A<0>           |S<0>           |    6.936|
A<0>           |S<1>           |    7.470|
A<0>           |S<2>           |    8.444|
A<0>           |S<3>           |    9.229|
A<1>           |Co             |    8.651|
A<1>           |S<1>           |    7.010|
A<1>           |S<2>           |    7.951|
A<1>           |S<3>           |    8.736|
A<2>           |Co             |    7.891|
A<2>           |S<2>           |    7.191|
A<2>           |S<3>           |    7.976|
A<3>           |Co             |    6.844|
A<3>           |S<3>           |    6.928|
B<0>           |Co             |    9.243|
B<0>           |S<0>           |    7.067|
B<0>           |S<1>           |    7.569|
B<0>           |S<2>           |    8.543|
B<0>           |S<3>           |    9.328|
B<1>           |Co             |    8.861|
B<1>           |S<1>           |    7.221|
B<1>           |S<2>           |    8.161|
B<1>           |S<3>           |    8.946|
B<2>           |Co             |    7.524|
B<2>           |S<2>           |    6.791|
B<2>           |S<3>           |    7.609|
B<3>           |Co             |    6.749|
B<3>           |S<3>           |    6.833|
Ci             |Co             |    9.143|
Ci             |S<0>           |    6.967|
Ci             |S<1>           |    7.469|
Ci             |S<2>           |    8.443|
Ci             |S<3>           |    9.228|
---------------+---------------+---------+


Analysis completed Thu Aug 26 15:00:21 2021 
--------------------------------------------------------------------------------

Trace Settings:
-------------------------
Trace Settings 

Peak Memory Usage: 751 MB



